SELECTION_STABILITY_ESCALATION800_CATEGORY_FOLD_START
JOB_INDEX=0
BOOTSTRAP_REPLICA=200
OUTER_FOLD=0
CATEGORY_ID=exact3tag
ACTUAL_PAYLOAD_SHA=3c847483807a7e00599b45a784832acf56f0fa10acf67218c2d1dd6c3e47d135
ACTUAL_RUNTIME_SHA=4a9c4061e1d975f276326022454e578c5f0de3c094b9b56345f192cccc654112
code/hh4b_multivariate_cut_optimizer.py: OK
code/hh4b_multivariate_cut_structure_worker.py: OK
config/multivariate_cut_category_endpoint_amendment.json: OK
config/runtime_config.template.json: OK
execution_provenance.json: OK
fold_tables/fold_0/exact3tag.parquet: OK
fold_tables/fold_1/exact3tag.parquet: OK
fold_tables/fold_2/exact3tag.parquet: OK
fold_tables/fold_3/exact3tag.parquet: OK
fold_tables/fold_4/exact3tag.parquet: OK
structure_ids.txt: OK
TRANSFERRED_IMPORTS=PASS
NUMPY_VERSION=1.23.5
PANDAS_VERSION=2.3.3
PYARROW_VERSION=21.0.0
TRANSFER_PROVENANCE_ROLE=PASS
RUN_STRUCTURE_INDEX=1 STRUCTURE_ID=asymmetric_rectangular_mass__category__mass_only
STRUCTURE_JOB=PASS
JOB_ID=outer0__exact3tag__asymmetric_rectangular_mass__category__mass_only
OUTER_FOLD=0
CATEGORY_ID=exact3tag
STRUCTURE_ID=asymmetric_rectangular_mass__category__mass_only
POOLED_INNER_OOF_SIGNAL_EFFICIENCY=0.584255003965
POOLED_INNER_OOF_BACKGROUND_EFFICIENCY=0.434370515996
POOLED_INNER_OOF_FEASIBLE=FALSE
ALL_INNER_SUPPORT_PASS=TRUE
POOLED_SUPPORT_PASS=TRUE
OUTER_FOLD_USED_FOR_SELECTION=FALSE
VALIDATION_PAYLOADS_OPENED=0
TEST_PAYLOADS_OPENED=0
OUTPUT_ROOT=/srv/work/results/outer0__exact3tag__asymmetric_rectangular_mass__category__mass_only
RESULT=HH4B_MULTIVARIATE_CUT_STRUCTURE_JOB_PASS
RUN_STRUCTURE_INDEX=2 STRUCTURE_ID=asymmetric_rectangular_mass__category__plus_abs_h_delta_eta
STRUCTURE_JOB=PASS
JOB_ID=outer0__exact3tag__asymmetric_rectangular_mass__category__plus_abs_h_delta_eta
OUTER_FOLD=0
CATEGORY_ID=exact3tag
STRUCTURE_ID=asymmetric_rectangular_mass__category__plus_abs_h_delta_eta
POOLED_INNER_OOF_SIGNAL_EFFICIENCY=0.584676036165
POOLED_INNER_OOF_BACKGROUND_EFFICIENCY=0.444997049481
POOLED_INNER_OOF_FEASIBLE=FALSE
ALL_INNER_SUPPORT_PASS=TRUE
POOLED_SUPPORT_PASS=TRUE
OUTER_FOLD_USED_FOR_SELECTION=FALSE
VALIDATION_PAYLOADS_OPENED=0
TEST_PAYLOADS_OPENED=0
OUTPUT_ROOT=/srv/work/results/outer0__exact3tag__asymmetric_rectangular_mass__category__plus_abs_h_delta_eta
RESULT=HH4B_MULTIVARIATE_CUT_STRUCTURE_JOB_PASS
RUN_STRUCTURE_INDEX=3 STRUCTURE_ID=asymmetric_rectangular_mass__category__plus_h2_pt
STRUCTURE_JOB=PASS
JOB_ID=outer0__exact3tag__asymmetric_rectangular_mass__category__plus_h2_pt
OUTER_FOLD=0
CATEGORY_ID=exact3tag
STRUCTURE_ID=asymmetric_rectangular_mass__category__plus_h2_pt
POOLED_INNER_OOF_SIGNAL_EFFICIENCY=0.584623019812
POOLED_INNER_OOF_BACKGROUND_EFFICIENCY=0.444942721145
POOLED_INNER_OOF_FEASIBLE=FALSE
ALL_INNER_SUPPORT_PASS=TRUE
POOLED_SUPPORT_PASS=TRUE
OUTER_FOLD_USED_FOR_SELECTION=FALSE
VALIDATION_PAYLOADS_OPENED=0
TEST_PAYLOADS_OPENED=0
OUTPUT_ROOT=/srv/work/results/outer0__exact3tag__asymmetric_rectangular_mass__category__plus_h2_pt
RESULT=HH4B_MULTIVARIATE_CUT_STRUCTURE_JOB_PASS
RUN_STRUCTURE_INDEX=4 STRUCTURE_ID=asymmetric_rectangular_mass__category__plus_h2_pt_and_max_drbb
STRUCTURE_JOB=PASS
JOB_ID=outer0__exact3tag__asymmetric_rectangular_mass__category__plus_h2_pt_and_max_drbb
OUTER_FOLD=0
CATEGORY_ID=exact3tag
STRUCTURE_ID=asymmetric_rectangular_mass__category__plus_h2_pt_and_max_drbb
POOLED_INNER_OOF_SIGNAL_EFFICIENCY=0.584623019812
POOLED_INNER_OOF_BACKGROUND_EFFICIENCY=0.444804269916
POOLED_INNER_OOF_FEASIBLE=FALSE
ALL_INNER_SUPPORT_PASS=TRUE
POOLED_SUPPORT_PASS=TRUE
OUTER_FOLD_USED_FOR_SELECTION=FALSE
VALIDATION_PAYLOADS_OPENED=0
TEST_PAYLOADS_OPENED=0
OUTPUT_ROOT=/srv/work/results/outer0__exact3tag__asymmetric_rectangular_mass__category__plus_h2_pt_and_max_drbb
RESULT=HH4B_MULTIVARIATE_CUT_STRUCTURE_JOB_PASS
RUN_STRUCTURE_INDEX=5 STRUCTURE_ID=asymmetric_rectangular_mass__category__plus_ht_candidate_jets
STRUCTURE_JOB=PASS
JOB_ID=outer0__exact3tag__asymmetric_rectangular_mass__category__plus_ht_candidate_jets
OUTER_FOLD=0
CATEGORY_ID=exact3tag
STRUCTURE_ID=asymmetric_rectangular_mass__category__plus_ht_candidate_jets
POOLED_INNER_OOF_SIGNAL_EFFICIENCY=0.58117951847
POOLED_INNER_OOF_BACKGROUND_EFFICIENCY=0.455970472602
POOLED_INNER_OOF_FEASIBLE=FALSE
ALL_INNER_SUPPORT_PASS=TRUE
POOLED_SUPPORT_PASS=TRUE
OUTER_FOLD_USED_FOR_SELECTION=FALSE
VALIDATION_PAYLOADS_OPENED=0
TEST_PAYLOADS_OPENED=0
OUTPUT_ROOT=/srv/work/results/outer0__exact3tag__asymmetric_rectangular_mass__category__plus_ht_candidate_jets
RESULT=HH4B_MULTIVARIATE_CUT_STRUCTURE_JOB_PASS
RUN_STRUCTURE_INDEX=6 STRUCTURE_ID=asymmetric_rectangular_mass__category__plus_ht_candidate_jets_and_max_drbb
STRUCTURE_JOB=PASS
JOB_ID=outer0__exact3tag__asymmetric_rectangular_mass__category__plus_ht_candidate_jets_and_max_drbb
OUTER_FOLD=0
CATEGORY_ID=exact3tag
STRUCTURE_ID=asymmetric_rectangular_mass__category__plus_ht_candidate_jets_and_max_drbb
POOLED_INNER_OOF_SIGNAL_EFFICIENCY=0.584670035313
POOLED_INNER_OOF_BACKGROUND_EFFICIENCY=0.444623604484
POOLED_INNER_OOF_FEASIBLE=FALSE
ALL_INNER_SUPPORT_PASS=TRUE
POOLED_SUPPORT_PASS=TRUE
OUTER_FOLD_USED_FOR_SELECTION=FALSE
VALIDATION_PAYLOADS_OPENED=0
TEST_PAYLOADS_OPENED=0
OUTPUT_ROOT=/srv/work/results/outer0__exact3tag__asymmetric_rectangular_mass__category__plus_ht_candidate_jets_and_max_drbb
RESULT=HH4B_MULTIVARIATE_CUT_STRUCTURE_JOB_PASS
RUN_STRUCTURE_INDEX=7 STRUCTURE_ID=asymmetric_rectangular_mass__category__plus_max_drbb
STRUCTURE_JOB=PASS
JOB_ID=outer0__exact3tag__asymmetric_rectangular_mass__category__plus_max_drbb
OUTER_FOLD=0
CATEGORY_ID=exact3tag
STRUCTURE_ID=asymmetric_rectangular_mass__category__plus_max_drbb
POOLED_INNER_OOF_SIGNAL_EFFICIENCY=0.584727523591
POOLED_INNER_OOF_BACKGROUND_EFFICIENCY=0.445015584097
POOLED_INNER_OOF_FEASIBLE=FALSE
ALL_INNER_SUPPORT_PASS=TRUE
POOLED_SUPPORT_PASS=TRUE
OUTER_FOLD_USED_FOR_SELECTION=FALSE
VALIDATION_PAYLOADS_OPENED=0
TEST_PAYLOADS_OPENED=0
OUTPUT_ROOT=/srv/work/results/outer0__exact3tag__asymmetric_rectangular_mass__category__plus_max_drbb
RESULT=HH4B_MULTIVARIATE_CUT_STRUCTURE_JOB_PASS
RUN_STRUCTURE_INDEX=8 STRUCTURE_ID=asymmetric_rectangular_mass__category__plus_mhh
STRUCTURE_JOB=PASS
JOB_ID=outer0__exact3tag__asymmetric_rectangular_mass__category__plus_mhh
OUTER_FOLD=0
CATEGORY_ID=exact3tag
STRUCTURE_ID=asymmetric_rectangular_mass__category__plus_mhh
POOLED_INNER_OOF_SIGNAL_EFFICIENCY=0.584608986742
POOLED_INNER_OOF_BACKGROUND_EFFICIENCY=0.444733155998
POOLED_INNER_OOF_FEASIBLE=FALSE
ALL_INNER_SUPPORT_PASS=TRUE
POOLED_SUPPORT_PASS=TRUE
OUTER_FOLD_USED_FOR_SELECTION=FALSE
VALIDATION_PAYLOADS_OPENED=0
TEST_PAYLOADS_OPENED=0
OUTPUT_ROOT=/srv/work/results/outer0__exact3tag__asymmetric_rectangular_mass__category__plus_mhh
RESULT=HH4B_MULTIVARIATE_CUT_STRUCTURE_JOB_PASS
RUN_STRUCTURE_INDEX=9 STRUCTURE_ID=asymmetric_rectangular_mass__category__plus_mhh_and_abs_h_delta_eta
STRUCTURE_JOB=PASS
JOB_ID=outer0__exact3tag__asymmetric_rectangular_mass__category__plus_mhh_and_abs_h_delta_eta
OUTER_FOLD=0
CATEGORY_ID=exact3tag
STRUCTURE_ID=asymmetric_rectangular_mass__category__plus_mhh_and_abs_h_delta_eta
POOLED_INNER_OOF_SIGNAL_EFFICIENCY=0.584557499316
POOLED_INNER_OOF_BACKGROUND_EFFICIENCY=0.444576170153
POOLED_INNER_OOF_FEASIBLE=FALSE
ALL_INNER_SUPPORT_PASS=TRUE
POOLED_SUPPORT_PASS=TRUE
OUTER_FOLD_USED_FOR_SELECTION=FALSE
VALIDATION_PAYLOADS_OPENED=0
TEST_PAYLOADS_OPENED=0
OUTPUT_ROOT=/srv/work/results/outer0__exact3tag__asymmetric_rectangular_mass__category__plus_mhh_and_abs_h_delta_eta
RESULT=HH4B_MULTIVARIATE_CUT_STRUCTURE_JOB_PASS
RUN_STRUCTURE_INDEX=10 STRUCTURE_ID=radial_mass__category__mass_only
STRUCTURE_JOB=PASS
JOB_ID=outer0__exact3tag__radial_mass__category__mass_only
OUTER_FOLD=0
CATEGORY_ID=exact3tag
STRUCTURE_ID=radial_mass__category__mass_only
POOLED_INNER_OOF_SIGNAL_EFFICIENCY=0.584514217433
POOLED_INNER_OOF_BACKGROUND_EFFICIENCY=0.447470818504
POOLED_INNER_OOF_FEASIBLE=FALSE
ALL_INNER_SUPPORT_PASS=TRUE
POOLED_SUPPORT_PASS=TRUE
OUTER_FOLD_USED_FOR_SELECTION=FALSE
VALIDATION_PAYLOADS_OPENED=0
TEST_PAYLOADS_OPENED=0
OUTPUT_ROOT=/srv/work/results/outer0__exact3tag__radial_mass__category__mass_only
RESULT=HH4B_MULTIVARIATE_CUT_STRUCTURE_JOB_PASS
RUN_STRUCTURE_INDEX=11 STRUCTURE_ID=radial_mass__category__plus_abs_h_delta_eta
STRUCTURE_JOB=PASS
JOB_ID=outer0__exact3tag__radial_mass__category__plus_abs_h_delta_eta
OUTER_FOLD=0
CATEGORY_ID=exact3tag
STRUCTURE_ID=radial_mass__category__plus_abs_h_delta_eta
POOLED_INNER_OOF_SIGNAL_EFFICIENCY=0.569535085221
POOLED_INNER_OOF_BACKGROUND_EFFICIENCY=0.448597173886
POOLED_INNER_OOF_FEASIBLE=FALSE
ALL_INNER_SUPPORT_PASS=TRUE
POOLED_SUPPORT_PASS=TRUE
OUTER_FOLD_USED_FOR_SELECTION=FALSE
VALIDATION_PAYLOADS_OPENED=0
TEST_PAYLOADS_OPENED=0
OUTPUT_ROOT=/srv/work/results/outer0__exact3tag__radial_mass__category__plus_abs_h_delta_eta
RESULT=HH4B_MULTIVARIATE_CUT_STRUCTURE_JOB_PASS
RUN_STRUCTURE_INDEX=12 STRUCTURE_ID=radial_mass__category__plus_h2_pt
STRUCTURE_JOB=PASS
JOB_ID=outer0__exact3tag__radial_mass__category__plus_h2_pt
OUTER_FOLD=0
CATEGORY_ID=exact3tag
STRUCTURE_ID=radial_mass__category__plus_h2_pt
POOLED_INNER_OOF_SIGNAL_EFFICIENCY=0.584317704199
POOLED_INNER_OOF_BACKGROUND_EFFICIENCY=0.445395571886
POOLED_INNER_OOF_FEASIBLE=FALSE
ALL_INNER_SUPPORT_PASS=TRUE
POOLED_SUPPORT_PASS=TRUE
OUTER_FOLD_USED_FOR_SELECTION=FALSE
VALIDATION_PAYLOADS_OPENED=0
TEST_PAYLOADS_OPENED=0
OUTPUT_ROOT=/srv/work/results/outer0__exact3tag__radial_mass__category__plus_h2_pt
RESULT=HH4B_MULTIVARIATE_CUT_STRUCTURE_JOB_PASS
RUN_STRUCTURE_INDEX=13 STRUCTURE_ID=radial_mass__category__plus_h2_pt_and_max_drbb
STRUCTURE_JOB=PASS
JOB_ID=outer0__exact3tag__radial_mass__category__plus_h2_pt_and_max_drbb
OUTER_FOLD=0
CATEGORY_ID=exact3tag
STRUCTURE_ID=radial_mass__category__plus_h2_pt_and_max_drbb
POOLED_INNER_OOF_SIGNAL_EFFICIENCY=0.582570180001
POOLED_INNER_OOF_BACKGROUND_EFFICIENCY=0.452462602849
POOLED_INNER_OOF_FEASIBLE=FALSE
ALL_INNER_SUPPORT_PASS=TRUE
POOLED_SUPPORT_PASS=TRUE
OUTER_FOLD_USED_FOR_SELECTION=FALSE
VALIDATION_PAYLOADS_OPENED=0
TEST_PAYLOADS_OPENED=0
OUTPUT_ROOT=/srv/work/results/outer0__exact3tag__radial_mass__category__plus_h2_pt_and_max_drbb
RESULT=HH4B_MULTIVARIATE_CUT_STRUCTURE_JOB_PASS
RUN_STRUCTURE_INDEX=14 STRUCTURE_ID=radial_mass__category__plus_ht_candidate_jets
STRUCTURE_JOB=PASS
JOB_ID=outer0__exact3tag__radial_mass__category__plus_ht_candidate_jets
OUTER_FOLD=0
CATEGORY_ID=exact3tag
STRUCTURE_ID=radial_mass__category__plus_ht_candidate_jets
POOLED_INNER_OOF_SIGNAL_EFFICIENCY=0.584041993314
POOLED_INNER_OOF_BACKGROUND_EFFICIENCY=0.435396351887
POOLED_INNER_OOF_FEASIBLE=FALSE
ALL_INNER_SUPPORT_PASS=TRUE
POOLED_SUPPORT_PASS=TRUE
OUTER_FOLD_USED_FOR_SELECTION=FALSE
VALIDATION_PAYLOADS_OPENED=0
TEST_PAYLOADS_OPENED=0
OUTPUT_ROOT=/srv/work/results/outer0__exact3tag__radial_mass__category__plus_ht_candidate_jets
RESULT=HH4B_MULTIVARIATE_CUT_STRUCTURE_JOB_PASS
RUN_STRUCTURE_INDEX=15 STRUCTURE_ID=radial_mass__category__plus_ht_candidate_jets_and_max_drbb
STRUCTURE_JOB=PASS
JOB_ID=outer0__exact3tag__radial_mass__category__plus_ht_candidate_jets_and_max_drbb
OUTER_FOLD=0
CATEGORY_ID=exact3tag
STRUCTURE_ID=radial_mass__category__plus_ht_candidate_jets_and_max_drbb
POOLED_INNER_OOF_SIGNAL_EFFICIENCY=0.582266217057
POOLED_INNER_OOF_BACKGROUND_EFFICIENCY=0.451735264514
POOLED_INNER_OOF_FEASIBLE=FALSE
ALL_INNER_SUPPORT_PASS=TRUE
POOLED_SUPPORT_PASS=TRUE
OUTER_FOLD_USED_FOR_SELECTION=FALSE
VALIDATION_PAYLOADS_OPENED=0
TEST_PAYLOADS_OPENED=0
OUTPUT_ROOT=/srv/work/results/outer0__exact3tag__radial_mass__category__plus_ht_candidate_jets_and_max_drbb
RESULT=HH4B_MULTIVARIATE_CUT_STRUCTURE_JOB_PASS
RUN_STRUCTURE_INDEX=16 STRUCTURE_ID=radial_mass__category__plus_max_drbb
STRUCTURE_JOB=PASS
JOB_ID=outer0__exact3tag__radial_mass__category__plus_max_drbb
OUTER_FOLD=0
CATEGORY_ID=exact3tag
STRUCTURE_ID=radial_mass__category__plus_max_drbb
POOLED_INNER_OOF_SIGNAL_EFFICIENCY=0.583569728106
POOLED_INNER_OOF_BACKGROUND_EFFICIENCY=0.438004358562
POOLED_INNER_OOF_FEASIBLE=FALSE
ALL_INNER_SUPPORT_PASS=TRUE
POOLED_SUPPORT_PASS=TRUE
OUTER_FOLD_USED_FOR_SELECTION=FALSE
VALIDATION_PAYLOADS_OPENED=0
TEST_PAYLOADS_OPENED=0
OUTPUT_ROOT=/srv/work/results/outer0__exact3tag__radial_mass__category__plus_max_drbb
RESULT=HH4B_MULTIVARIATE_CUT_STRUCTURE_JOB_PASS
RUN_STRUCTURE_INDEX=17 STRUCTURE_ID=radial_mass__category__plus_mhh
STRUCTURE_JOB=PASS
JOB_ID=outer0__exact3tag__radial_mass__category__plus_mhh
OUTER_FOLD=0
CATEGORY_ID=exact3tag
STRUCTURE_ID=radial_mass__category__plus_mhh
POOLED_INNER_OOF_SIGNAL_EFFICIENCY=0.583886419481
POOLED_INNER_OOF_BACKGROUND_EFFICIENCY=0.446943213467
POOLED_INNER_OOF_FEASIBLE=FALSE
ALL_INNER_SUPPORT_PASS=TRUE
POOLED_SUPPORT_PASS=TRUE
OUTER_FOLD_USED_FOR_SELECTION=FALSE
VALIDATION_PAYLOADS_OPENED=0
TEST_PAYLOADS_OPENED=0
OUTPUT_ROOT=/srv/work/results/outer0__exact3tag__radial_mass__category__plus_mhh
RESULT=HH4B_MULTIVARIATE_CUT_STRUCTURE_JOB_PASS
RUN_STRUCTURE_INDEX=18 STRUCTURE_ID=radial_mass__category__plus_mhh_and_abs_h_delta_eta
STRUCTURE_JOB=PASS
JOB_ID=outer0__exact3tag__radial_mass__category__plus_mhh_and_abs_h_delta_eta
OUTER_FOLD=0
CATEGORY_ID=exact3tag
STRUCTURE_ID=radial_mass__category__plus_mhh_and_abs_h_delta_eta
POOLED_INNER_OOF_SIGNAL_EFFICIENCY=0.584300017116
POOLED_INNER_OOF_BACKGROUND_EFFICIENCY=0.446930350049
POOLED_INNER_OOF_FEASIBLE=FALSE
ALL_INNER_SUPPORT_PASS=TRUE
POOLED_SUPPORT_PASS=TRUE
OUTER_FOLD_USED_FOR_SELECTION=FALSE
VALIDATION_PAYLOADS_OPENED=0
TEST_PAYLOADS_OPENED=0
OUTPUT_ROOT=/srv/work/results/outer0__exact3tag__radial_mass__category__plus_mhh_and_abs_h_delta_eta
RESULT=HH4B_MULTIVARIATE_CUT_STRUCTURE_JOB_PASS
RUN_STRUCTURE_INDEX=19 STRUCTURE_ID=symmetric_rectangular_mass__category__mass_only
STRUCTURE_JOB=PASS
JOB_ID=outer0__exact3tag__symmetric_rectangular_mass__category__mass_only
OUTER_FOLD=0
CATEGORY_ID=exact3tag
STRUCTURE_ID=symmetric_rectangular_mass__category__mass_only
POOLED_INNER_OOF_SIGNAL_EFFICIENCY=0.585507997316
POOLED_INNER_OOF_BACKGROUND_EFFICIENCY=0.447560072585
POOLED_INNER_OOF_FEASIBLE=FALSE
ALL_INNER_SUPPORT_PASS=TRUE
POOLED_SUPPORT_PASS=TRUE
OUTER_FOLD_USED_FOR_SELECTION=FALSE
VALIDATION_PAYLOADS_OPENED=0
TEST_PAYLOADS_OPENED=0
OUTPUT_ROOT=/srv/work/results/outer0__exact3tag__symmetric_rectangular_mass__category__mass_only
RESULT=HH4B_MULTIVARIATE_CUT_STRUCTURE_JOB_PASS
RUN_STRUCTURE_INDEX=20 STRUCTURE_ID=symmetric_rectangular_mass__category__plus_abs_h_delta_eta
STRUCTURE_JOB=PASS
JOB_ID=outer0__exact3tag__symmetric_rectangular_mass__category__plus_abs_h_delta_eta
OUTER_FOLD=0
CATEGORY_ID=exact3tag
STRUCTURE_ID=symmetric_rectangular_mass__category__plus_abs_h_delta_eta
POOLED_INNER_OOF_SIGNAL_EFFICIENCY=0.585455959136
POOLED_INNER_OOF_BACKGROUND_EFFICIENCY=0.447369995831
POOLED_INNER_OOF_FEASIBLE=FALSE
ALL_INNER_SUPPORT_PASS=TRUE
POOLED_SUPPORT_PASS=TRUE
OUTER_FOLD_USED_FOR_SELECTION=FALSE
VALIDATION_PAYLOADS_OPENED=0
TEST_PAYLOADS_OPENED=0
OUTPUT_ROOT=/srv/work/results/outer0__exact3tag__symmetric_rectangular_mass__category__plus_abs_h_delta_eta
RESULT=HH4B_MULTIVARIATE_CUT_STRUCTURE_JOB_PASS
RUN_STRUCTURE_INDEX=21 STRUCTURE_ID=symmetric_rectangular_mass__category__plus_h2_pt
STRUCTURE_JOB=PASS
JOB_ID=outer0__exact3tag__symmetric_rectangular_mass__category__plus_h2_pt
OUTER_FOLD=0
CATEGORY_ID=exact3tag
STRUCTURE_ID=symmetric_rectangular_mass__category__plus_h2_pt
POOLED_INNER_OOF_SIGNAL_EFFICIENCY=0.584623525138
POOLED_INNER_OOF_BACKGROUND_EFFICIENCY=0.448335861807
POOLED_INNER_OOF_FEASIBLE=FALSE
ALL_INNER_SUPPORT_PASS=TRUE
POOLED_SUPPORT_PASS=TRUE
OUTER_FOLD_USED_FOR_SELECTION=FALSE
VALIDATION_PAYLOADS_OPENED=0
TEST_PAYLOADS_OPENED=0
OUTPUT_ROOT=/srv/work/results/outer0__exact3tag__symmetric_rectangular_mass__category__plus_h2_pt
RESULT=HH4B_MULTIVARIATE_CUT_STRUCTURE_JOB_PASS
RUN_STRUCTURE_INDEX=22 STRUCTURE_ID=symmetric_rectangular_mass__category__plus_h2_pt_and_max_drbb
STRUCTURE_JOB=PASS
JOB_ID=outer0__exact3tag__symmetric_rectangular_mass__category__plus_h2_pt_and_max_drbb
OUTER_FOLD=0
CATEGORY_ID=exact3tag
STRUCTURE_ID=symmetric_rectangular_mass__category__plus_h2_pt_and_max_drbb
POOLED_INNER_OOF_SIGNAL_EFFICIENCY=0.585347503642
POOLED_INNER_OOF_BACKGROUND_EFFICIENCY=0.447254702636
POOLED_INNER_OOF_FEASIBLE=FALSE
ALL_INNER_SUPPORT_PASS=TRUE
POOLED_SUPPORT_PASS=TRUE
OUTER_FOLD_USED_FOR_SELECTION=FALSE
VALIDATION_PAYLOADS_OPENED=0
TEST_PAYLOADS_OPENED=0
OUTPUT_ROOT=/srv/work/results/outer0__exact3tag__symmetric_rectangular_mass__category__plus_h2_pt_and_max_drbb
RESULT=HH4B_MULTIVARIATE_CUT_STRUCTURE_JOB_PASS
RUN_STRUCTURE_INDEX=23 STRUCTURE_ID=symmetric_rectangular_mass__category__plus_ht_candidate_jets
STRUCTURE_JOB=PASS
JOB_ID=outer0__exact3tag__symmetric_rectangular_mass__category__plus_ht_candidate_jets
OUTER_FOLD=0
CATEGORY_ID=exact3tag
STRUCTURE_ID=symmetric_rectangular_mass__category__plus_ht_candidate_jets
POOLED_INNER_OOF_SIGNAL_EFFICIENCY=0.584448291715
POOLED_INNER_OOF_BACKGROUND_EFFICIENCY=0.438067607364
POOLED_INNER_OOF_FEASIBLE=FALSE
ALL_INNER_SUPPORT_PASS=TRUE
POOLED_SUPPORT_PASS=TRUE
OUTER_FOLD_USED_FOR_SELECTION=FALSE
VALIDATION_PAYLOADS_OPENED=0
TEST_PAYLOADS_OPENED=0
OUTPUT_ROOT=/srv/work/results/outer0__exact3tag__symmetric_rectangular_mass__category__plus_ht_candidate_jets
RESULT=HH4B_MULTIVARIATE_CUT_STRUCTURE_JOB_PASS
RUN_STRUCTURE_INDEX=24 STRUCTURE_ID=symmetric_rectangular_mass__category__plus_ht_candidate_jets_and_max_drbb
STRUCTURE_JOB=PASS
JOB_ID=outer0__exact3tag__symmetric_rectangular_mass__category__plus_ht_candidate_jets_and_max_drbb
OUTER_FOLD=0
CATEGORY_ID=exact3tag
STRUCTURE_ID=symmetric_rectangular_mass__category__plus_ht_candidate_jets_and_max_drbb
POOLED_INNER_OOF_SIGNAL_EFFICIENCY=0.585293992648
POOLED_INNER_OOF_BACKGROUND_EFFICIENCY=0.446950993624
POOLED_INNER_OOF_FEASIBLE=FALSE
ALL_INNER_SUPPORT_PASS=TRUE
POOLED_SUPPORT_PASS=TRUE
OUTER_FOLD_USED_FOR_SELECTION=FALSE
VALIDATION_PAYLOADS_OPENED=0
TEST_PAYLOADS_OPENED=0
OUTPUT_ROOT=/srv/work/results/outer0__exact3tag__symmetric_rectangular_mass__category__plus_ht_candidate_jets_and_max_drbb
RESULT=HH4B_MULTIVARIATE_CUT_STRUCTURE_JOB_PASS
RUN_STRUCTURE_INDEX=25 STRUCTURE_ID=symmetric_rectangular_mass__category__plus_max_drbb
STRUCTURE_JOB=PASS
JOB_ID=outer0__exact3tag__symmetric_rectangular_mass__category__plus_max_drbb
OUTER_FOLD=0
CATEGORY_ID=exact3tag
STRUCTURE_ID=symmetric_rectangular_mass__category__plus_max_drbb
POOLED_INNER_OOF_SIGNAL_EFFICIENCY=0.583282768444
POOLED_INNER_OOF_BACKGROUND_EFFICIENCY=0.439544413158
POOLED_INNER_OOF_FEASIBLE=FALSE
ALL_INNER_SUPPORT_PASS=TRUE
POOLED_SUPPORT_PASS=TRUE
OUTER_FOLD_USED_FOR_SELECTION=FALSE
VALIDATION_PAYLOADS_OPENED=0
TEST_PAYLOADS_OPENED=0
OUTPUT_ROOT=/srv/work/results/outer0__exact3tag__symmetric_rectangular_mass__category__plus_max_drbb
RESULT=HH4B_MULTIVARIATE_CUT_STRUCTURE_JOB_PASS
RUN_STRUCTURE_INDEX=26 STRUCTURE_ID=symmetric_rectangular_mass__category__plus_mhh
STRUCTURE_JOB=PASS
JOB_ID=outer0__exact3tag__symmetric_rectangular_mass__category__plus_mhh
OUTER_FOLD=0
CATEGORY_ID=exact3tag
STRUCTURE_ID=symmetric_rectangular_mass__category__plus_mhh
POOLED_INNER_OOF_SIGNAL_EFFICIENCY=0.584010134613
POOLED_INNER_OOF_BACKGROUND_EFFICIENCY=0.447071256374
POOLED_INNER_OOF_FEASIBLE=FALSE
ALL_INNER_SUPPORT_PASS=TRUE
POOLED_SUPPORT_PASS=TRUE
OUTER_FOLD_USED_FOR_SELECTION=FALSE
VALIDATION_PAYLOADS_OPENED=0
TEST_PAYLOADS_OPENED=0
OUTPUT_ROOT=/srv/work/results/outer0__exact3tag__symmetric_rectangular_mass__category__plus_mhh
RESULT=HH4B_MULTIVARIATE_CUT_STRUCTURE_JOB_PASS
RUN_STRUCTURE_INDEX=27 STRUCTURE_ID=symmetric_rectangular_mass__category__plus_mhh_and_abs_h_delta_eta
STRUCTURE_JOB=PASS
JOB_ID=outer0__exact3tag__symmetric_rectangular_mass__category__plus_mhh_and_abs_h_delta_eta
OUTER_FOLD=0
CATEGORY_ID=exact3tag
STRUCTURE_ID=symmetric_rectangular_mass__category__plus_mhh_and_abs_h_delta_eta
POOLED_INNER_OOF_SIGNAL_EFFICIENCY=0.585180015142
POOLED_INNER_OOF_BACKGROUND_EFFICIENCY=0.44713786713
POOLED_INNER_OOF_FEASIBLE=FALSE
ALL_INNER_SUPPORT_PASS=TRUE
POOLED_SUPPORT_PASS=TRUE
OUTER_FOLD_USED_FOR_SELECTION=FALSE
VALIDATION_PAYLOADS_OPENED=0
TEST_PAYLOADS_OPENED=0
OUTPUT_ROOT=/srv/work/results/outer0__exact3tag__symmetric_rectangular_mass__category__plus_mhh_and_abs_h_delta_eta
RESULT=HH4B_MULTIVARIATE_CUT_STRUCTURE_JOB_PASS
STRUCTURES_ATTEMPTED=27
STRUCTURES_COMPLETED=27
RUNNER_RC=0
