============================================================
 TRACK B STEP 40J6A-R2: CLEAN LOCAL-DESCENDANT INFERENCE AUDIT
============================================================
From https://github.com/idildogaturkmen/hh-bbww-baselines
 * branch            delphes-hh4b-production -> FETCH_HEAD
CURRENT_BRANCH=delphes-hh4b-production
START_HEAD=b95231971ddbf12b2eb6934946bea3f24e6cae20
REMOTE_HEAD_AT_START=e715af2b1a976f8b5af6b76251e0998f42787ae1
BASELINE_TRACK_B_HEAD=b2ec5442916e9ade079439782f739546c533298c
STATUS_SHA256=e3b0c44298fc1c149afbf4c8996fb92427ae41e4649b934ca495991b7852b855
AHEAD_COUNT_AT_START=1
BEHIND_COUNT_AT_START=0

===== INSPECT INTERVENING AND UNPUBLISHED COMMITS =====
UNPUBLISHED_COMMIT=b95231971ddbf12b2eb6934946bea3f24e6cae20	e715af2b1a976f8b5af6b76251e0998f42787ae1	docs: freeze nested OOF cut search contract
INTERVENING_PATH=non_track_b	docs/checkpoints/hh4b_train_historical_rhh125125_lt34_freeze_20260806_v1/README.md
INTERVENING_PATH=non_track_b	docs/checkpoints/hh4b_train_historical_rhh125125_lt34_freeze_20260806_v1/SHA256SUMS
INTERVENING_PATH=non_track_b	docs/checkpoints/hh4b_train_historical_rhh125125_lt34_freeze_20260806_v1/artifact_manifest.tsv
INTERVENING_PATH=non_track_b	docs/checkpoints/hh4b_train_historical_rhh125125_lt34_freeze_20260806_v1/evidence/class_metrics.tsv
INTERVENING_PATH=non_track_b	docs/checkpoints/hh4b_train_historical_rhh125125_lt34_freeze_20260806_v1/evidence/fold_metrics.tsv
INTERVENING_PATH=non_track_b	docs/checkpoints/hh4b_train_historical_rhh125125_lt34_freeze_20260806_v1/evidence/historical_rhh34_evaluation.log
INTERVENING_PATH=non_track_b	docs/checkpoints/hh4b_train_historical_rhh125125_lt34_freeze_20260806_v1/evidence/historical_rhh34_evaluation_contract.json
INTERVENING_PATH=non_track_b	docs/checkpoints/hh4b_train_historical_rhh125125_lt34_freeze_20260806_v1/evidence/historical_rhh34_nominal_metrics.json
INTERVENING_PATH=non_track_b	docs/checkpoints/hh4b_train_historical_rhh125125_lt34_freeze_20260806_v1/evidence/process_metrics.tsv
INTERVENING_PATH=non_track_b	docs/checkpoints/hh4b_train_historical_rhh125125_lt34_freeze_20260806_v1/evidence/source_group_bootstrap_replica_metrics_2000.tsv
INTERVENING_PATH=non_track_b	docs/checkpoints/hh4b_train_historical_rhh125125_lt34_freeze_20260806_v1/evidence/source_group_bootstrap_summary.json
INTERVENING_PATH=non_track_b	docs/checkpoints/hh4b_train_historical_rhh125125_lt34_freeze_20260806_v1/evidence/source_metrics_441.tsv
INTERVENING_PATH=non_track_b	docs/checkpoints/hh4b_train_historical_rhh125125_lt34_freeze_20260806_v1/external_artifact_manifest.json
INTERVENING_PATH=non_track_b	docs/checkpoints/hh4b_train_historical_rhh125125_lt34_freeze_20260806_v1/historical_rhh34_freeze_contract.json
INTERVENING_PATH=non_track_b	docs/checkpoints/hh4b_train_nested_oof_cut_search_contract_20260806_v1/README.md
INTERVENING_PATH=non_track_b	docs/checkpoints/hh4b_train_nested_oof_cut_search_contract_20260806_v1/SHA256SUMS
INTERVENING_PATH=non_track_b	docs/checkpoints/hh4b_train_nested_oof_cut_search_contract_20260806_v1/artifact_manifest.tsv
INTERVENING_PATH=non_track_b	docs/checkpoints/hh4b_train_nested_oof_cut_search_contract_20260806_v1/evidence/readiness/fold_rhh_support_summary.tsv
INTERVENING_PATH=non_track_b	docs/checkpoints/hh4b_train_nested_oof_cut_search_contract_20260806_v1/evidence/readiness/nested_oof_cut_contract_readiness.log
INTERVENING_PATH=non_track_b	docs/checkpoints/hh4b_train_nested_oof_cut_search_contract_20260806_v1/evidence/readiness/nested_oof_cut_contract_readiness_summary.json
INTERVENING_PATH=non_track_b	docs/checkpoints/hh4b_train_nested_oof_cut_search_contract_20260806_v1/evidence/readiness/source_rhh_support_summary_441.tsv
INTERVENING_PATH=non_track_b	docs/checkpoints/hh4b_train_nested_oof_cut_search_contract_20260806_v1/nested_oof_cut_search_contract.json
UNPUBLISHED_PATH=docs/checkpoints/hh4b_train_nested_oof_cut_search_contract_20260806_v1/README.md
UNPUBLISHED_PATH=docs/checkpoints/hh4b_train_nested_oof_cut_search_contract_20260806_v1/SHA256SUMS
UNPUBLISHED_PATH=docs/checkpoints/hh4b_train_nested_oof_cut_search_contract_20260806_v1/artifact_manifest.tsv
UNPUBLISHED_PATH=docs/checkpoints/hh4b_train_nested_oof_cut_search_contract_20260806_v1/evidence/readiness/fold_rhh_support_summary.tsv
UNPUBLISHED_PATH=docs/checkpoints/hh4b_train_nested_oof_cut_search_contract_20260806_v1/evidence/readiness/nested_oof_cut_contract_readiness.log
UNPUBLISHED_PATH=docs/checkpoints/hh4b_train_nested_oof_cut_search_contract_20260806_v1/evidence/readiness/nested_oof_cut_contract_readiness_summary.json
UNPUBLISHED_PATH=docs/checkpoints/hh4b_train_nested_oof_cut_search_contract_20260806_v1/evidence/readiness/source_rhh_support_summary_441.tsv
UNPUBLISHED_PATH=docs/checkpoints/hh4b_train_nested_oof_cut_search_contract_20260806_v1/nested_oof_cut_search_contract.json
UNPUBLISHED_COMMIT_COUNT=1
UNPUBLISHED_PATH_COUNT=8
INTERVENING_PATH_COUNT=22
PROTECTED_TRACK_B_PATH_COUNT=0
PASS: local HEAD may be ahead of origin, and all commits after the published Track-B checkpoint avoid protected Track-B paths.
PROXY_PATH=/uscms/home/iturkmen/x509up_u17821
PROXY_TIMELEFT_SECONDS=547644
OUT_DIR=/tmp/iturkmen_track_b_40J6A_R2_inference_audit_20260806_v1_AwBvXo
WORK_DIR=/tmp/iturkmen_track_b_40J6A_R2_work_20260806_v1_hpAAak
INVENTORIED_ROOT_FILES=50
INVENTORIED_ROOT_FILES=100
INVENTORIED_ROOT_FILES=150
INVENTORIED_ROOT_FILES=200
INVENTORIED_ROOT_FILES=250
INVENTORIED_ROOT_FILES=300
INVENTORIED_ROOT_FILES=350
INVENTORIED_ROOT_FILES=400
INVENTORIED_ROOT_FILES=450
INVENTORIED_ROOT_FILES=500
INVENTORIED_ROOT_FILES=550
INVENTORIED_ROOT_FILES=600
INVENTORIED_ROOT_FILES=650
INVENTORIED_ROOT_FILES=700
CANARY_GROUP=ZZ_ntuple REMOTE_PATH=/eos/ihep/cms/store/user/coli/datasets/hh4b/inference/ZZ_ntuple/selected_ntuples_0001.root
{"ensemble": {"mean_qcd_probability": 0.04536529957189698, "mean_signal_probability": 0.07321082463797299, "mean_ttbar_probability": 0.8814238776855253, "n_events": 256, "overall_top1_is_qcd_fraction": 0.08203125, "overall_top1_is_signal_fraction": 0.02734375, "overall_top1_is_ttbar_fraction": 0.890625, "score_summary": {"mean_qcd_probability": 0.04536529957189698, "mean_signal_probability": 0.07321082463797299, "mean_ttbar_probability": 0.8814238776855253, "n_events": 256, "signal_probability_quantiles": {"median": 3.440438159430801e-12, "q10": 1.82624923996047e-12, "q90": 0.10865340083701844}, "signal_thresholds_strict_greater_than": {"0.5": {"count": 21, "fraction": 0.08203125}, "0.9": {"count": 7, "fraction": 0.02734375}, "0.997": {"count": 0, "fraction": 0.0}}, "top1_class_counts": {"136": 21, "137": 228, "14": 1, "15": 1, "46": 1, "59": 2, "6": 1, "80": 1}}, "signal_probability_gt_0p9_fraction": 0.02734375}, "model_agreement": {"all_three_overall_top1_agreement_fraction": 0.96484375, "all_three_signal_grid_top1_agreement_fraction": 0.05078125}, "sample_group": "ZZ_ntuple", "selected_valid_events": 256, "status": "response_canary_complete"}
CANARY_GROUP=QCD_DelphesHH4JTrig_forInfer2_merged_ntuple REMOTE_PATH=/eos/ihep/cms/store/user/coli/datasets/hh4b/inference/QCD_DelphesHH4JTrig_forInfer2_merged_ntuple/QCD_DelphesHH4JTrig_forInfer2_ntuple_mergeid380.root
{"ensemble": {"mean_qcd_probability": 0.907215943484213, "mean_signal_probability": 0.08771216675113253, "mean_ttbar_probability": 0.005071891765740319, "n_events": 256, "overall_top1_is_qcd_fraction": 0.9921875, "overall_top1_is_signal_fraction": 0.0078125, "overall_top1_is_ttbar_fraction": 0.0, "score_summary": {"mean_qcd_probability": 0.907215943484213, "mean_signal_probability": 0.08771216675113253, "mean_ttbar_probability": 0.005071891765740319, "n_events": 256, "signal_probability_quantiles": {"median": 0.0067971938733630095, "q10": 0.00011878264695390033, "q90": 0.3073973211163926}, "signal_thresholds_strict_greater_than": {"0.5": {"count": 14, "fraction": 0.0546875}, "0.9": {"count": 4, "fraction": 0.015625}, "0.997": {"count": 0, "fraction": 0.0}}, "top1_class_counts": {"101": 1, "136": 254, "94": 1}}, "signal_probability_gt_0p9_fraction": 0.015625}, "model_agreement": {"all_three_overall_top1_agreement_fraction": 0.984375, "all_three_signal_grid_top1_agreement_fraction": 0.26171875}, "sample_group": "QCD_DelphesHH4JTrig_forInfer2_merged_ntuple", "selected_valid_events": 256, "status": "response_canary_complete"}
CANARY_GROUP=QCD_DelphesHH4JTrig_forInfer_merged_ntuple REMOTE_PATH=/eos/ihep/cms/store/user/coli/datasets/hh4b/inference/QCD_DelphesHH4JTrig_forInfer_merged_ntuple/QCD_DelphesHH4JTrig_forInfer_ntuple_mergeid96.root
{"ensemble": {"mean_qcd_probability": 0.9061014832273031, "mean_signal_probability": 0.07549394282265956, "mean_ttbar_probability": 0.018404575492869318, "n_events": 256, "overall_top1_is_qcd_fraction": 0.98046875, "overall_top1_is_signal_fraction": 0.0078125, "overall_top1_is_ttbar_fraction": 0.01171875, "score_summary": {"mean_qcd_probability": 0.9061014832273031, "mean_signal_probability": 0.07549394282265956, "mean_ttbar_probability": 0.018404575492869318, "n_events": 256, "signal_probability_quantiles": {"median": 0.004112262649177485, "q10": 0.0001086399218011754, "q90": 0.2187657296174545}, "signal_thresholds_strict_greater_than": {"0.5": {"count": 14, "fraction": 0.0546875}, "0.9": {"count": 4, "fraction": 0.015625}, "0.997": {"count": 0, "fraction": 0.0}}, "top1_class_counts": {"136": 251, "137": 3, "71": 1, "80": 1}}, "signal_probability_gt_0p9_fraction": 0.015625}, "model_agreement": {"all_three_overall_top1_agreement_fraction": 0.98046875, "all_three_signal_grid_top1_agreement_fraction": 0.3046875}, "sample_group": "QCD_DelphesHH4JTrig_forInfer_merged_ntuple", "selected_valid_events": 256, "status": "response_canary_complete"}
CANARY_GROUP=SingleTop_ntuple REMOTE_PATH=/eos/ihep/cms/store/user/coli/datasets/hh4b/inference/SingleTop_ntuple/selected_ntuples_0009.root
{"ensemble": {"mean_qcd_probability": 0.09283479791958968, "mean_signal_probability": 0.04879783124391184, "mean_ttbar_probability": 0.8583673725284295, "n_events": 256, "overall_top1_is_qcd_fraction": 0.12109375, "overall_top1_is_signal_fraction": 0.0, "overall_top1_is_ttbar_fraction": 0.87890625, "score_summary": {"mean_qcd_probability": 0.09283479791958968, "mean_signal_probability": 0.04879783124391184, "mean_ttbar_probability": 0.8583673725284295, "n_events": 256, "signal_probability_quantiles": {"median": 3.426228864352241e-11, "q10": 1.9203555110890087e-12, "q90": 0.15528157626927452}, "signal_thresholds_strict_greater_than": {"0.5": {"count": 7, "fraction": 0.02734375}, "0.9": {"count": 1, "fraction": 0.00390625}, "0.997": {"count": 0, "fraction": 0.0}}, "top1_class_counts": {"136": 31, "137": 225}}, "signal_probability_gt_0p9_fraction": 0.00390625}, "model_agreement": {"all_three_overall_top1_agreement_fraction": 0.97265625, "all_three_signal_grid_top1_agreement_fraction": 0.07421875}, "sample_group": "SingleTop_ntuple", "selected_valid_events": 256, "status": "response_canary_complete"}
CANARY_GROUP=TTbar_forInfer2_ntuple REMOTE_PATH=/eos/ihep/cms/store/user/coli/datasets/hh4b/inference/TTbar_forInfer2_ntuple/selected_ntuples_0059.root
{"ensemble": {"mean_qcd_probability": 0.14594296292410958, "mean_signal_probability": 0.14002657231775917, "mean_ttbar_probability": 0.7140304704411923, "n_events": 256, "overall_top1_is_qcd_fraction": 0.16796875, "overall_top1_is_signal_fraction": 0.015625, "overall_top1_is_ttbar_fraction": 0.81640625, "score_summary": {"mean_qcd_probability": 0.14594296292410958, "mean_signal_probability": 0.14002657231775917, "mean_ttbar_probability": 0.7140304704411923, "n_events": 256, "signal_probability_quantiles": {"median": 0.01181157417847419, "q10": 1.6055267660798353e-05, "q90": 0.5664000574041996}, "signal_thresholds_strict_greater_than": {"0.5": {"count": 32, "fraction": 0.125}, "0.9": {"count": 5, "fraction": 0.01953125}, "0.997": {"count": 0, "fraction": 0.0}}, "top1_class_counts": {"104": 2, "131": 1, "136": 43, "137": 209, "82": 1}}, "signal_probability_gt_0p9_fraction": 0.01953125}, "model_agreement": {"all_three_overall_top1_agreement_fraction": 0.91015625, "all_three_signal_grid_top1_agreement_fraction": 0.23046875}, "sample_group": "TTbar_forInfer2_ntuple", "selected_valid_events": 256, "status": "response_canary_complete"}
CANARY_GROUP=TTbar_forInfer_ntuple REMOTE_PATH=/eos/ihep/cms/store/user/coli/datasets/hh4b/inference/TTbar_forInfer_ntuple/selected_ntuples_0059.root
{"ensemble": {"mean_qcd_probability": 0.049697982625612626, "mean_signal_probability": 0.049409395692885265, "mean_ttbar_probability": 0.9008926260191098, "n_events": 256, "overall_top1_is_qcd_fraction": 0.04296875, "overall_top1_is_signal_fraction": 0.0, "overall_top1_is_ttbar_fraction": 0.95703125, "score_summary": {"mean_qcd_probability": 0.049697982625612626, "mean_signal_probability": 0.049409395692885265, "mean_ttbar_probability": 0.9008926260191098, "n_events": 256, "signal_probability_quantiles": {"median": 3.386419017204917e-07, "q10": 2.3943226135069564e-12, "q90": 0.12214112976382314}, "signal_thresholds_strict_greater_than": {"0.5": {"count": 12, "fraction": 0.046875}, "0.9": {"count": 1, "fraction": 0.00390625}, "0.997": {"count": 0, "fraction": 0.0}}, "top1_class_counts": {"136": 11, "137": 245}}, "signal_probability_gt_0p9_fraction": 0.00390625}, "model_agreement": {"all_three_overall_top1_agreement_fraction": 0.96875, "all_three_signal_grid_top1_agreement_fraction": 0.10546875}, "sample_group": "TTbar_forInfer_ntuple", "selected_valid_events": 256, "status": "response_canary_complete"}
CANARY_GROUP=TTbarW_ntuple REMOTE_PATH=/eos/ihep/cms/store/user/coli/datasets/hh4b/inference/TTbarW_ntuple/selected_ntuples_0001.root
{"ensemble": {"mean_qcd_probability": 0.04859986562228709, "mean_signal_probability": 0.08060534400498758, "mean_ttbar_probability": 0.8707947940555034, "n_events": 256, "overall_top1_is_qcd_fraction": 0.0546875, "overall_top1_is_signal_fraction": 0.01953125, "overall_top1_is_ttbar_fraction": 0.92578125, "score_summary": {"mean_qcd_probability": 0.04859986562228709, "mean_signal_probability": 0.08060534400498758, "mean_ttbar_probability": 0.8707947940555034, "n_events": 256, "signal_probability_quantiles": {"median": 7.373962220736754e-05, "q10": 5.002898396819514e-12, "q90": 0.24400790704881578}, "signal_thresholds_strict_greater_than": {"0.5": {"count": 18, "fraction": 0.0703125}, "0.9": {"count": 6, "fraction": 0.0234375}, "0.997": {"count": 0, "fraction": 0.0}}, "top1_class_counts": {"116": 1, "136": 14, "137": 237, "15": 1, "44": 1, "56": 1, "87": 1}}, "signal_probability_gt_0p9_fraction": 0.0234375}, "model_agreement": {"all_three_overall_top1_agreement_fraction": 0.953125, "all_three_signal_grid_top1_agreement_fraction": 0.16015625}, "sample_group": "TTbarW_ntuple", "selected_valid_events": 256, "status": "response_canary_complete"}
CANARY_GROUP=TTbarZ_ntuple REMOTE_PATH=/eos/ihep/cms/store/user/coli/datasets/hh4b/inference/TTbarZ_ntuple/selected_ntuples_0001.root
{"ensemble": {"mean_qcd_probability": 0.06764190981331401, "mean_signal_probability": 0.12201664295552207, "mean_ttbar_probability": 0.810341450376048, "n_events": 256, "overall_top1_is_qcd_fraction": 0.08984375, "overall_top1_is_signal_fraction": 0.02734375, "overall_top1_is_ttbar_fraction": 0.8828125, "score_summary": {"mean_qcd_probability": 0.06764190981331401, "mean_signal_probability": 0.12201664295552207, "mean_ttbar_probability": 0.810341450376048, "n_events": 256, "signal_probability_quantiles": {"median": 0.0009044558795199738, "q10": 3.541902082898121e-11, "q90": 0.4863046743839353}, "signal_thresholds_strict_greater_than": {"0.5": {"count": 25, "fraction": 0.09765625}, "0.9": {"count": 11, "fraction": 0.04296875}, "0.997": {"count": 0, "fraction": 0.0}}, "top1_class_counts": {"116": 1, "134": 2, "136": 23, "137": 226, "51": 1, "56": 1, "57": 1, "8": 1}}, "signal_probability_gt_0p9_fraction": 0.04296875}, "model_agreement": {"all_three_overall_top1_agreement_fraction": 0.953125, "all_three_signal_grid_top1_agreement_fraction": 0.171875}, "sample_group": "TTbarZ_ntuple", "selected_valid_events": 256, "status": "response_canary_complete"}
CANARY_GROUP=ttH_ntuple REMOTE_PATH=/eos/ihep/cms/store/user/coli/datasets/hh4b/inference/ttH_ntuple/selected_ntuples_0000.root
{"ensemble": {"mean_qcd_probability": 0.05307763160428105, "mean_signal_probability": 0.23273021141910055, "mean_ttbar_probability": 0.7141921575214856, "n_events": 256, "overall_top1_is_qcd_fraction": 0.08984375, "overall_top1_is_signal_fraction": 0.06640625, "overall_top1_is_ttbar_fraction": 0.84375, "score_summary": {"mean_qcd_probability": 0.05307763160428105, "mean_signal_probability": 0.23273021141910055, "mean_ttbar_probability": 0.7141921575214856, "n_events": 256, "signal_probability_quantiles": {"median": 0.013333867408213962, "q10": 2.307811397451918e-09, "q90": 0.8979121860494198}, "signal_thresholds_strict_greater_than": {"0.5": {"count": 58, "fraction": 0.2265625}, "0.9": {"count": 24, "fraction": 0.09375}, "0.997": {"count": 0, "fraction": 0.0}}, "top1_class_counts": {"101": 1, "111": 1, "116": 1, "120": 1, "125": 1, "132": 1, "134": 1, "136": 23, "137": 216, "46": 1, "50": 1, "62": 1, "64": 2, "82": 1, "9": 1, "93": 1, "95": 1, "99": 1}}, "signal_probability_gt_0p9_fraction": 0.09375}, "model_agreement": {"all_three_overall_top1_agreement_fraction": 0.90625, "all_three_signal_grid_top1_agreement_fraction": 0.16796875}, "sample_group": "ttH_ntuple", "selected_valid_events": 256, "status": "response_canary_complete"}
CANARY_GROUP=ZJetsToQQ_DelphesHH4JTrig_merged_ntuple REMOTE_PATH=/eos/ihep/cms/store/user/coli/datasets/hh4b/inference/ZJetsToQQ_DelphesHH4JTrig_merged_ntuple/ZJetsToQQ_DelphesHH4JTrig_ntuple_id2500-2999.root
{"ensemble": {"mean_qcd_probability": 0.7156938981186917, "mean_signal_probability": 0.2504628440897111, "mean_ttbar_probability": 0.03384325421100861, "n_events": 256, "overall_top1_is_qcd_fraction": 0.91015625, "overall_top1_is_signal_fraction": 0.05859375, "overall_top1_is_ttbar_fraction": 0.03125, "score_summary": {"mean_qcd_probability": 0.7156938981186917, "mean_signal_probability": 0.2504628440897111, "mean_ttbar_probability": 0.03384325421100861, "n_events": 256, "signal_probability_quantiles": {"median": 0.07785380991739999, "q10": 0.002426797436489399, "q90": 0.8374600790549873}, "signal_thresholds_strict_greater_than": {"0.5": {"count": 55, "fraction": 0.21484375}, "0.9": {"count": 21, "fraction": 0.08203125}, "0.997": {"count": 1, "fraction": 0.00390625}}, "top1_class_counts": {"120": 1, "122": 1, "131": 1, "136": 233, "137": 8, "20": 1, "30": 1, "46": 1, "54": 1, "67": 1, "69": 1, "73": 1, "80": 1, "88": 1, "90": 2, "96": 1}}, "signal_probability_gt_0p9_fraction": 0.08203125}, "model_agreement": {"all_three_overall_top1_agreement_fraction": 0.93359375, "all_three_signal_grid_top1_agreement_fraction": 0.3203125}, "sample_group": "ZJetsToQQ_DelphesHH4JTrig_merged_ntuple", "selected_valid_events": 256, "status": "response_canary_complete"}
CANARY_GROUP=SingleHiggs_ntuple REMOTE_PATH=/eos/ihep/cms/store/user/coli/datasets/hh4b/inference/SingleHiggs_ntuple/selected_ntuples_0006.root
{"ensemble": {"mean_qcd_probability": 0.017967830293297158, "mean_signal_probability": 0.011654326079595097, "mean_ttbar_probability": 0.9703778432368988, "n_events": 256, "overall_top1_is_qcd_fraction": 0.02734375, "overall_top1_is_signal_fraction": 0.0, "overall_top1_is_ttbar_fraction": 0.97265625, "score_summary": {"mean_qcd_probability": 0.017967830293297158, "mean_signal_probability": 0.011654326079595097, "mean_ttbar_probability": 0.9703778432368988, "n_events": 256, "signal_probability_quantiles": {"median": 2.6887131253367913e-12, "q10": 1.6588960433216255e-12, "q90": 1.6165930047579455e-11}, "signal_thresholds_strict_greater_than": {"0.5": {"count": 3, "fraction": 0.01171875}, "0.9": {"count": 1, "fraction": 0.00390625}, "0.997": {"count": 0, "fraction": 0.0}}, "top1_class_counts": {"136": 7, "137": 249}}, "signal_probability_gt_0p9_fraction": 0.00390625}, "model_agreement": {"all_three_overall_top1_agreement_fraction": 0.9921875, "all_three_signal_grid_top1_agreement_fraction": 0.01171875}, "sample_group": "SingleHiggs_ntuple", "selected_valid_events": 256, "status": "response_canary_complete"}
CANARY_GROUP=TW_ntuple REMOTE_PATH=/eos/ihep/cms/store/user/coli/datasets/hh4b/inference/TW_ntuple/selected_ntuples_0002.root
{"ensemble": {"mean_qcd_probability": 0.13556577055341093, "mean_signal_probability": 0.057716835601024, "mean_ttbar_probability": 0.8067173969476945, "n_events": 256, "overall_top1_is_qcd_fraction": 0.1640625, "overall_top1_is_signal_fraction": 0.00390625, "overall_top1_is_ttbar_fraction": 0.83203125, "score_summary": {"mean_qcd_probability": 0.13556577055341093, "mean_signal_probability": 0.057716835601024, "mean_ttbar_probability": 0.8067173969476945, "n_events": 256, "signal_probability_quantiles": {"median": 3.5974442940722985e-06, "q10": 2.160013670091802e-12, "q90": 0.16176242103707258}, "signal_thresholds_strict_greater_than": {"0.5": {"count": 10, "fraction": 0.0390625}, "0.9": {"count": 3, "fraction": 0.01171875}, "0.997": {"count": 0, "fraction": 0.0}}, "top1_class_counts": {"136": 42, "137": 213, "53": 1}}, "signal_probability_gt_0p9_fraction": 0.01171875}, "model_agreement": {"all_three_overall_top1_agreement_fraction": 0.97265625, "all_three_signal_grid_top1_agreement_fraction": 0.109375}, "sample_group": "TW_ntuple", "selected_valid_events": 256, "status": "response_canary_complete"}
CANARY_GROUP=VBFH_ntuple REMOTE_PATH=/eos/ihep/cms/store/user/coli/datasets/hh4b/inference/VBFH_ntuple/selected_ntuples_0000.root
{"ensemble": {"mean_qcd_probability": 0.04207022081488167, "mean_signal_probability": 0.009982179181855745, "mean_ttbar_probability": 0.9479476019591597, "n_events": 256, "overall_top1_is_qcd_fraction": 0.046875, "overall_top1_is_signal_fraction": 0.0, "overall_top1_is_ttbar_fraction": 0.953125, "score_summary": {"mean_qcd_probability": 0.04207022081488167, "mean_signal_probability": 0.009982179181855745, "mean_ttbar_probability": 0.9479476019591597, "n_events": 256, "signal_probability_quantiles": {"median": 3.719779608262675e-12, "q10": 1.8865966829600363e-12, "q90": 1.641929148827103e-06}, "signal_thresholds_strict_greater_than": {"0.5": {"count": 3, "fraction": 0.01171875}, "0.9": {"count": 0, "fraction": 0.0}, "0.997": {"count": 0, "fraction": 0.0}}, "top1_class_counts": {"136": 12, "137": 244}}, "signal_probability_gt_0p9_fraction": 0.0}, "model_agreement": {"all_three_overall_top1_agreement_fraction": 0.9921875, "all_three_signal_grid_top1_agreement_fraction": 0.02734375}, "sample_group": "VBFH_ntuple", "selected_valid_events": 256, "status": "response_canary_complete"}
CANARY_GROUP=WminusH_ntuple REMOTE_PATH=/eos/ihep/cms/store/user/coli/datasets/hh4b/inference/WminusH_ntuple/selected_ntuples_0000.root
{"ensemble": {"mean_qcd_probability": 0.08513188245215127, "mean_signal_probability": 0.04973762067242245, "mean_ttbar_probability": 0.8651304956607966, "n_events": 256, "overall_top1_is_qcd_fraction": 0.109375, "overall_top1_is_signal_fraction": 0.01171875, "overall_top1_is_ttbar_fraction": 0.87890625, "score_summary": {"mean_qcd_probability": 0.08513188245215127, "mean_signal_probability": 0.04973762067242245, "mean_ttbar_probability": 0.8651304956607966, "n_events": 256, "signal_probability_quantiles": {"median": 4.0903648281202e-12, "q10": 1.857749608582909e-12, "q90": 0.09799741709982376}, "signal_thresholds_strict_greater_than": {"0.5": {"count": 10, "fraction": 0.0390625}, "0.9": {"count": 7, "fraction": 0.02734375}, "0.997": {"count": 0, "fraction": 0.0}}, "top1_class_counts": {"106": 2, "136": 28, "137": 225, "40": 1}}, "signal_probability_gt_0p9_fraction": 0.02734375}, "model_agreement": {"all_three_overall_top1_agreement_fraction": 0.95703125, "all_three_signal_grid_top1_agreement_fraction": 0.0390625}, "sample_group": "WminusH_ntuple", "selected_valid_events": 256, "status": "response_canary_complete"}
CANARY_GROUP=WplusH_ntuple REMOTE_PATH=/eos/ihep/cms/store/user/coli/datasets/hh4b/inference/WplusH_ntuple/selected_ntuples_0000.root
{"ensemble": {"mean_qcd_probability": 0.11560308917626408, "mean_signal_probability": 0.06307065080238937, "mean_ttbar_probability": 0.8213262600048192, "n_events": 256, "overall_top1_is_qcd_fraction": 0.15234375, "overall_top1_is_signal_fraction": 0.015625, "overall_top1_is_ttbar_fraction": 0.83203125, "score_summary": {"mean_qcd_probability": 0.11560308917626408, "mean_signal_probability": 0.06307065080238937, "mean_ttbar_probability": 0.8213262600048192, "n_events": 256, "signal_probability_quantiles": {"median": 6.040205687533435e-12, "q10": 1.7822211723043851e-12, "q90": 0.1544966274169989}, "signal_thresholds_strict_greater_than": {"0.5": {"count": 13, "fraction": 0.05078125}, "0.9": {"count": 5, "fraction": 0.01953125}, "0.997": {"count": 1, "fraction": 0.00390625}}, "top1_class_counts": {"114": 1, "136": 39, "137": 213, "20": 1, "62": 2}}, "signal_probability_gt_0p9_fraction": 0.01953125}, "model_agreement": {"all_three_overall_top1_agreement_fraction": 0.96484375, "all_three_signal_grid_top1_agreement_fraction": 0.08984375}, "sample_group": "WplusH_ntuple", "selected_valid_events": 256, "status": "response_canary_complete"}
CANARY_GROUP=WW_ntuple REMOTE_PATH=/eos/ihep/cms/store/user/coli/datasets/hh4b/inference/WW_ntuple/selected_ntuples_0000.root
{"ensemble": {"mean_qcd_probability": 0.11580744985837377, "mean_signal_probability": 0.02571951520084116, "mean_ttbar_probability": 0.8584730382500954, "n_events": 256, "overall_top1_is_qcd_fraction": 0.1328125, "overall_top1_is_signal_fraction": 0.0, "overall_top1_is_ttbar_fraction": 0.8671875, "score_summary": {"mean_qcd_probability": 0.11580744985837377, "mean_signal_probability": 0.02571951520084116, "mean_ttbar_probability": 0.8584730382500954, "n_events": 256, "signal_probability_quantiles": {"median": 4.7255264860046545e-12, "q10": 1.8441539179050084e-12, "q90": 0.011602104599404583}, "signal_thresholds_strict_greater_than": {"0.5": {"count": 6, "fraction": 0.0234375}, "0.9": {"count": 0, "fraction": 0.0}, "0.997": {"count": 0, "fraction": 0.0}}, "top1_class_counts": {"136": 34, "137": 222}}, "signal_probability_gt_0p9_fraction": 0.0}, "model_agreement": {"all_three_overall_top1_agreement_fraction": 0.984375, "all_three_signal_grid_top1_agreement_fraction": 0.07421875}, "sample_group": "WW_ntuple", "selected_valid_events": 256, "status": "response_canary_complete"}
{
  "bounded_canary": {
    "max_file_bytes": 2500000000,
    "max_groups": 16,
    "no_valid_event_group_count": 0,
    "response_complete_group_count": 16,
    "schema_incompatible_group_count": 0,
    "selected_group_count": 16,
    "target_events_per_group": 256
  },
  "inference_namespace": "/eos/ihep/cms/store/user/coli/datasets/hh4b/inference",
  "inventory": {
    "all_remote_identities_complete": true,
    "complete_identity_count": 718,
    "root_file_count": 718,
    "sample_group_count": 18
  },
  "next_gate": "40J6B_freeze_phase2_inference_namespace_closure_checkpoint",
  "remote_head_at_start": "e715af2b1a976f8b5af6b76251e0998f42787ae1",
  "repository_head_at_start": "b95231971ddbf12b2eb6934946bea3f24e6cae20",
  "schema_version": 1,
  "scientific_boundaries": {
    "auc_or_efficiency_computed": false,
    "calibrated_mass_or_resolution_computed": false,
    "expected_yields_computed": false,
    "independent_signal_performance_measured": false,
    "physical_gen_weight_semantics_assigned": false,
    "physical_weights_used": false,
    "significance_or_sensitivity_computed": false
  },
  "status": "inference_namespace_inventory_and_response_canary_complete"
}
From https://github.com/idildogaturkmen/hh-bbww-baselines
 * branch            delphes-hh4b-production -> FETCH_HEAD
FINAL_LOCAL_HEAD=d830a84fdb94dc5c0c34c5c28978cbdc453dc9e9
FINAL_REMOTE_HEAD=d830a84fdb94dc5c0c34c5c28978cbdc453dc9e9
REMOTE_HEAD_AT_START=e715af2b1a976f8b5af6b76251e0998f42787ae1
FINAL_STATUS_SHA256=e3b0c44298fc1c149afbf4c8996fb92427ae41e4649b934ca495991b7852b855
FINAL_AHEAD_COUNT=0
FINAL_BEHIND_COUNT=0
ERROR: Local HEAD changed during the audit.
