CANARY_SELECTION=class=ordinary_background_bundle;process=zzz_zbb;events=1500;source_uid=c660746595f512710f2aca2a::background::321::bundle:/store/user/iturkmen/hh4b_delphes/run2_13tev/frozen_v2/bundles/final_background_triboson_zbb_scaleout40k_20260722_v1/zzz_zbb_run2_frozen_v2_train_shard9923_1500_bundle.tar.gz
CANARY_SELECTION=class=hard_qcd_bundle;process=qcd_hardqcd;events=1052;source_uid=256666d525d1d35b7272b519::background::216::bundle:/store/user/iturkmen/hh4b_delphes/run2_13tev/frozen_v2/bundles/qcd_hardqcd_importance_adaptive500k_phys_wave2_20260717/qcd_hardqcd_importance_adaptive500k_phys_wave2_20260717_bin02_pthat100to200_shard9818_seed1229818_bundle.tar.gz
CANARY_SELECTION=class=qcd_bbbb_general_bundle;process=qcd_bbbb_general;events=10000;source_uid=331e1d9ade0b6f4ee6de7411::background::359::bundle:/store/user/iturkmen/hh4b_delphes/run2_13tev/frozen_v2/bundles/unified_background_5m_wavea_proven111_20260720_v1/qcd_bbbb_general_run2_frozen_v2_unified5m_wavea_shard005_10k_bundle.tar.gz
CANARY_SELECTION=class=qcd_bbbb_iht400to600_bundle;process=qcd_bbbb_iht400to600;events=10000;source_uid=0f1d84b89957afb5ad1b5c6d::background::367::bundle:/store/user/iturkmen/hh4b_delphes/run2_13tev/frozen_v2/bundles/unified_background_5m_wavea_proven111_20260720_v1/qcd_bbbb_iht400to600_run2_frozen_v2_unified5m_wavea_shard001_10k_bundle.tar.gz
CANARY_SELECTION=class=direct_ttbar_root;process=ttbar_inclusive;events=10000;source_uid=7f85bc41fcf2f1234d2e9cdd::background::338::event_parquet:/uscms_data/d3/iturkmen/hh4b_delphes/parquet/ttbar_200k_shard011_event_summary.parquet
CANARY_SELECTION=class=ggf_signal_bundle;process=ggf_hh4b;events=1000;source_uid=b79f897061f17eef98bf9b4a::signal::71::ggf_shard_071
CANARY_SELECTION=class=vbf_signal_bundle;process=vbf_hh4b;events=10000;source_uid=4e26b2a32ca02ef1e27285e1::signal::108::vbf_hh4b_sm_run2_frozen_v2_train_shard9408_10k
CANARY_SOURCE_RESULT=class=ordinary_background_bundle;status=pass;process=zzz_zbb;source_uid=c660746595f512710f2aca2a::background::321::bundle:/store/user/iturkmen/hh4b_delphes/run2_13tev/frozen_v2/bundles/final_background_triboson_zbb_scaleout40k_20260722_v1/zzz_zbb_run2_frozen_v2_train_shard9923_1500_bundle.tar.gz;error=
CANARY_SOURCE_RESULT=class=hard_qcd_bundle;status=pass;process=qcd_hardqcd;source_uid=256666d525d1d35b7272b519::background::216::bundle:/store/user/iturkmen/hh4b_delphes/run2_13tev/frozen_v2/bundles/qcd_hardqcd_importance_adaptive500k_phys_wave2_20260717/qcd_hardqcd_importance_adaptive500k_phys_wave2_20260717_bin02_pthat100to200_shard9818_seed1229818_bundle.tar.gz;error=
CANARY_SOURCE_RESULT=class=qcd_bbbb_general_bundle;status=pass;process=qcd_bbbb_general;source_uid=331e1d9ade0b6f4ee6de7411::background::359::bundle:/store/user/iturkmen/hh4b_delphes/run2_13tev/frozen_v2/bundles/unified_background_5m_wavea_proven111_20260720_v1/qcd_bbbb_general_run2_frozen_v2_unified5m_wavea_shard005_10k_bundle.tar.gz;error=
CANARY_SOURCE_RESULT=class=qcd_bbbb_iht400to600_bundle;status=pass;process=qcd_bbbb_iht400to600;source_uid=0f1d84b89957afb5ad1b5c6d::background::367::bundle:/store/user/iturkmen/hh4b_delphes/run2_13tev/frozen_v2/bundles/unified_background_5m_wavea_proven111_20260720_v1/qcd_bbbb_iht400to600_run2_frozen_v2_unified5m_wavea_shard001_10k_bundle.tar.gz;error=
CANARY_SOURCE_RESULT=class=direct_ttbar_root;status=pass;process=ttbar_inclusive;source_uid=7f85bc41fcf2f1234d2e9cdd::background::338::event_parquet:/uscms_data/d3/iturkmen/hh4b_delphes/parquet/ttbar_200k_shard011_event_summary.parquet;error=
CANARY_SOURCE_RESULT=class=ggf_signal_bundle;status=pass;process=ggf_hh4b;source_uid=b79f897061f17eef98bf9b4a::signal::71::ggf_shard_071;error=
CANARY_SOURCE_RESULT=class=vbf_signal_bundle;status=pass;process=vbf_hh4b;source_uid=4e26b2a32ca02ef1e27285e1::signal::108::vbf_hh4b_sm_run2_frozen_v2_train_shard9408_10k;error=
SEVEN_CLASS_CANARY_V2_SOURCES=7/7
SEVEN_CLASS_CANARY_V2_PASSED=7/7
SEVEN_CLASS_CANARY_V2_FAILED=0/7
PRIMARY_CANARY_CLASSES_PASSED=5/5
AUXILIARY_QCD_CANARY_CLASSES_PASSED=2/2
SIGNAL_TRUTH_SCHEMAS_PASSED=2/2
GGF_NESTED_ARCHIVE_RESOLVER_PASSED=1/1
VALIDATION_PAYLOADS_OPENED=0
TEST_PAYLOADS_OPENED=0
MODELS_TRAINED=0
REPOSITORY_MODIFIED=NO
RESULT=SEVEN_CLASS_BROAD_EXTRACTOR_CANARY_V2_PASS
NEXT=FREEZE_BROAD_EXTRACTOR_CONTRACT
ACTIVE_BRANCH=delphes-hh4b-production
