============================================================
COMMON-TABLE JOIN-KEY AND POPULATION SELECTION
============================================================
REPO=/uscms_data/d3/iturkmen/repos/hh-bbww-baselines
INPUT=/uscms_data/d3/iturkmen/hh4b_delphes/analysis_preflight/hh4b_common_table_canary_input_schema_inspection_v2_20260805T195703Z
OUT=/uscms_data/d3/iturkmen/hh4b_delphes/analysis_preflight/hh4b_common_table_join_key_selection_v1_20260805T200213Z
From https://github.com/idildogaturkmen/hh-bbww-baselines
 * branch            delphes-hh4b-production -> FETCH_HEAD
CURRENT_BRANCH=delphes-hh4b-production
CURRENT_HEAD=6d0ec4b04e2b1174a53a4dc9c4a4869c808de575
REMOTE_HEAD=6d0ec4b04e2b1174a53a4dc9c4a4869c808de575
EXPECTED_HEAD=6d0ec4b04e2b1174a53a4dc9c4a4869c808de575
PASS_INPUT=/uscms_data/d3/iturkmen/hh4b_delphes/analysis_preflight/hh4b_common_table_canary_input_schema_inspection_v2_20260805T195703Z/SHA256SUMS
PASS_INPUT=/uscms_data/d3/iturkmen/hh4b_delphes/analysis_preflight/hh4b_common_table_canary_input_schema_inspection_v2_20260805T195703Z/inspection_summary.json
PASS_INPUT=/uscms_data/d3/iturkmen/hh4b_delphes/analysis_preflight/hh4b_common_table_canary_input_schema_inspection_v2_20260805T195703Z/source_process_transport_inventory.tsv
PASS_INPUT=/uscms_data/d3/iturkmen/hh4b_delphes/analysis_preflight/hh4b_common_table_canary_input_schema_inspection_v2_20260805T195703Z/normalization_table_schemas.tsv
PASS_INPUT=/uscms_data/d3/iturkmen/hh4b_delphes/analysis_preflight/hh4b_common_table_canary_input_schema_inspection_v2_20260805T195703Z/normalization_keyword_hits.tsv
PASS_INPUT=/uscms_data/d3/iturkmen/hh4b_delphes/runtime/hh4b_broad_ml_py39_v1/bin/python
./INSPECTION_REPORT.md: OK
./inspection.log: OK
./inspection_summary.json: OK
./normalization_file_inventory.tsv: OK
./normalization_keyword_hits.tsv: OK
./normalization_table_schemas.tsv: OK
./proposed_common_candidate_policy.json: OK
./source_process_transport_inventory.tsv: OK
INPUT_CHECKSUMS=PASS
TRAIN_GENERATED_EVENT_ROWS=3799873/3799873
ALL_TRAIN_ROWS_RETAINED_IN_ACCOUNTING=TRUE
RESOLVED_MODEL_ROWS=1171072/1171072
NON_BROAD_ACCOUNTING_ROWS=2628801
OLD_RHH34_STATUS=HISTORICAL_REFERENCE_ONLY
NEW_FULL_TRAIN_CUT_OPTIMIZATION_REQUIRED=TRUE
POSITIVE_SCORE_COEFFICIENT_TABLE_CANDIDATES=26
JOIN_KEY_EVIDENCE_ROWS=1048
PAYLOAD_ROWS_READ=0
VALIDATION_PAYLOADS_OPENED=0
TEST_PAYLOADS_OPENED=0
MODELS_TRAINED=0
TOP_COEFFICIENT_TABLE_CANDIDATES
36	hh4b_physical_normalization_run2_coefficient_analytical_closure_freeze_20260731_v2	ordinary_campaign_run2_allocation_registry.tsv	run2_yield_coefficient,cross_section_coefficient,effective_reference_factor_pb,campaign_sumw
32	hh4b_physical_normalization_run2_coefficient_analytical_closure_freeze_20260731_v2	hard_qcd_shard_run2_coefficient_registry.tsv	run2_yield_coefficient,cross_section_coefficient,pthat,shard
29	hh4b_physical_normalization_run2_coefficient_analytical_closure_freeze_20260731_v2	ordinary_process_run2_coefficient_registry.tsv	run2_yield_coefficient,cross_section_coefficient,effective_reference_factor_pb
26	hh4b_physical_normalization_run2_coefficient_analytical_closure_freeze_20260731_v2	nominal_zero_coefficient_exclusion_registry.tsv	run2_yield_coefficient,cross_section_coefficient,shard
23	hh4b_physical_normalization_hard_qcd_global_weight_contract_freeze_20260731_v1	hard_qcd_shard_weight_contract.tsv	run2_yield_coefficient,pthat,shard
23	hh4b_physical_normalization_hard_qcd_global_weight_contract_freeze_20260731_v1	hard_qcd_testfill_exclusion_contract.tsv	run2_yield_coefficient,pthat,shard
13	hh4b_physical_normalization_hard_qcd_global_weight_contract_freeze_20260731_v1	hard_qcd_exclusive_bin_weight_contract.tsv	pthat,shard
13	hh4b_physical_normalization_run2_coefficient_analytical_closure_freeze_20260731_v2	hard_qcd_bin_run2_analytical_closure.tsv	pthat,shard
13	hh4b_physical_normalization_train_candidate_physical_weight_sidecar_materialization_20260731_v1	train_candidate_physical_weight_sidecar_registry.tsv	transport_id,population_kind
10	hh4b_physical_normalization_global_ordinary_registry_freeze_20260731_v1	global_ordinary_process_registry.tsv	effective_reference_factor_pb
6	hh4b_physical_normalization_train_candidate_physical_weight_sidecar_materialization_20260731_v1	train_candidate_physical_weight_sign_closure.tsv	population_kind
2	hh4b_physical_normalization_global_ordinary_registry_freeze_20260731_v1	batch_A_reconstructed_process_denominator_binding.tsv
2	hh4b_physical_normalization_global_ordinary_registry_freeze_20260731_v1	full_inventory_event_reconciliation.tsv
2	hh4b_physical_normalization_global_ordinary_registry_freeze_20260731_v1	global_ordinary_campaign_denominator_binding.tsv
2	hh4b_physical_normalization_global_ordinary_registry_freeze_20260731_v1	ordinary_process_classification.tsv
2	hh4b_physical_normalization_global_ordinary_registry_freeze_20260731_v1	ordinary_vs_hard_qcd_disjointness.tsv
2	hh4b_physical_normalization_global_ordinary_registry_freeze_20260731_v1	source_evidence_manifest.tsv
2	hh4b_physical_normalization_global_ordinary_registry_freeze_20260731_v1	unresolved_inventory_discrepancy.tsv
2	hh4b_physical_normalization_hard_qcd_global_weight_contract_freeze_20260731_v1	hard_qcd_campaign_extension_binding.tsv
2	hh4b_physical_normalization_hard_qcd_global_weight_contract_freeze_20260731_v1	hard_qcd_overlap_exclusion_policy.tsv
RESULT=COMMON_TABLE_JOIN_KEY_SELECTION_PASS
NEXT=IMPLEMENT_SMALL_TRAIN_ONLY_COMMON_TABLE_CANARY
