governing checkpoint sha256: fd9ea100825ecc0412a2666f01fd19d1a91b25a50109b958c307102fa6943de5
HDF5_VAL sha256: 3c94bf8300d1dc3324e2cf25f9b6c618dffb94819cb3a297a43ac06320d5c2a2
==== Preflight (read-only classification evaluation) ====
val HDF5 sha256: 3c94bf8300d1dc3324e2cf25f9b6c618dffb94819cb3a297a43ac06320d5c2a2
primary checkpoint sha256: fd9ea100825ecc0412a2666f01fd19d1a91b25a50109b958c307102fa6943de5
secondary checkpoint sha256: f333911ad2b5881f01fa4be7eeea7e9d5dfd63578543f1899d3608f11cc84a64
spanet_repo commit: debbdc999bfb785eb110a36c5fd3eff211ebf234
==== Preflight OK ====
process reconstruction VERIFIED: {'n_mismatch': 0, 'n_signal': 193358, 'n_qcd': 174485, 'n_ttbar': 32157}
Seed set to 0
Index Range: 0...1999999
Index Range: 0...399999
checkpoint load: missing=[] unexpected=[]
forward pass (A+B) wall time: 157.00s for 400000 events (2547.8 events/s)
sanity: max|Delta_B-Delta_A| for n_selected_jets<=4 (n=232662): 0.000e+00 (must be ~0)
{
  "governing_checkpoint": "/uscms_data/d3/iturkmen/hh4b_delphes/track_b_phase4_preflight_20260812/phase4AI_spanet_10M_scaling_seed0_20260821_v1/full_run_attempt2_eaf_local_staging/spanet_10M_seed0/version_0/checkpoints/primary-epoch=47-step=234336-validation_average_jet_accuracy=0.4928.ckpt",
  "governing_checkpoint_sha256": "fd9ea100825ecc0412a2666f01fd19d1a91b25a50109b958c307102fa6943de5",
  "hdf5_val": "/uscms_data/d3/iturkmen/hh4b_delphes/track_b_phase4_preflight_20260812/phase4AF_spanet_partial_events_population_correction_20260819_v1/production_hdf5_build_v1/work/production_2M_val.h5",
  "hdf5_val_sha256": "3c94bf8300d1dc3324e2cf25f9b6c618dffb94819cb3a297a43ac06320d5c2a2",
  "spanet_commit": "debbdc999bfb785eb110a36c5fd3eff211ebf234",
  "n_scored": 400000,
  "n_signal": 193358,
  "n_qcd": 174485,
  "n_ttbar": 32157,
  "checkpoint_load_missing_keys": [],
  "checkpoint_load_unexpected_keys": [],
  "forward_pass_wall_s_A_and_B": 156.99859189987183,
  "forward_pass_events_per_s_A_and_B": 2547.7935512638605,
  "total_wall_s": 223.58075499534607,
  "process_reconstruction_check": {
    "n_mismatch": 0,
    "n_signal": 193358,
    "n_qcd": 174485,
    "n_ttbar": 32157
  },
  "sanity_max_abs_delta_diff_n_le4": 0.0,
  "n_events_n_selected_jets_le4": 232662,
  "n_events_n_selected_jets_ge5": 167338,
  "leading_n": 4,
  "n_total_slots": 10
}
wrote /uscms_data/d3/iturkmen/hh4b_delphes/paper_exports/track_b_harvey_final_question_closure_20260907_v1/FIFTH_JET_COUNTERFACTUAL_EVENTS_ALL400K.parquet
