STRUCTURE_JOB=PASS
JOB_ID=outer0__exact3tag__radial_mass__category__mass_only
OUTER_FOLD=0
CATEGORY_ID=exact3tag
STRUCTURE_ID=radial_mass__category__mass_only
POOLED_INNER_OOF_SIGNAL_EFFICIENCY=0.585746419301
POOLED_INNER_OOF_BACKGROUND_EFFICIENCY=0.372802766049
POOLED_INNER_OOF_FEASIBLE=FALSE
ALL_INNER_SUPPORT_PASS=TRUE
POOLED_SUPPORT_PASS=TRUE
OUTER_FOLD_USED_FOR_SELECTION=FALSE
VALIDATION_PAYLOADS_OPENED=0
TEST_PAYLOADS_OPENED=0
OUTPUT_ROOT=/uscms_data/d3/iturkmen/hh4b_delphes/baselines/multivariate_cut_committed_canary_canaryconfig_v1_20260806T195908Z/results/pass1/outer0__exact3tag__radial_mass__category__mass_only
RESULT=HH4B_MULTIVARIATE_CUT_STRUCTURE_JOB_PASS
STRUCTURE_JOB=PASS
JOB_ID=outer0__exact3tag__symmetric_rectangular_mass__category__plus_h2_pt
OUTER_FOLD=0
CATEGORY_ID=exact3tag
STRUCTURE_ID=symmetric_rectangular_mass__category__plus_h2_pt
POOLED_INNER_OOF_SIGNAL_EFFICIENCY=0.58594095229
POOLED_INNER_OOF_BACKGROUND_EFFICIENCY=0.378381786671
POOLED_INNER_OOF_FEASIBLE=FALSE
ALL_INNER_SUPPORT_PASS=TRUE
POOLED_SUPPORT_PASS=TRUE
OUTER_FOLD_USED_FOR_SELECTION=FALSE
VALIDATION_PAYLOADS_OPENED=0
TEST_PAYLOADS_OPENED=0
OUTPUT_ROOT=/uscms_data/d3/iturkmen/hh4b_delphes/baselines/multivariate_cut_committed_canary_canaryconfig_v1_20260806T195908Z/results/pass1/outer0__exact3tag__symmetric_rectangular_mass__category__plus_h2_pt
RESULT=HH4B_MULTIVARIATE_CUT_STRUCTURE_JOB_PASS
STRUCTURE_JOB=PASS
JOB_ID=outer0__exact3tag__asymmetric_rectangular_mass__category__plus_ht_candidate_jets
OUTER_FOLD=0
CATEGORY_ID=exact3tag
STRUCTURE_ID=asymmetric_rectangular_mass__category__plus_ht_candidate_jets
POOLED_INNER_OOF_SIGNAL_EFFICIENCY=0.586688113105
POOLED_INNER_OOF_BACKGROUND_EFFICIENCY=0.376518665408
POOLED_INNER_OOF_FEASIBLE=TRUE
ALL_INNER_SUPPORT_PASS=TRUE
POOLED_SUPPORT_PASS=TRUE
OUTER_FOLD_USED_FOR_SELECTION=FALSE
VALIDATION_PAYLOADS_OPENED=0
TEST_PAYLOADS_OPENED=0
OUTPUT_ROOT=/uscms_data/d3/iturkmen/hh4b_delphes/baselines/multivariate_cut_committed_canary_canaryconfig_v1_20260806T195908Z/results/pass1/outer0__exact3tag__asymmetric_rectangular_mass__category__plus_ht_candidate_jets
RESULT=HH4B_MULTIVARIATE_CUT_STRUCTURE_JOB_PASS
STRUCTURE_JOB=PASS
JOB_ID=outer0__ge4tag__radial_mass__category__mass_only
OUTER_FOLD=0
CATEGORY_ID=ge4tag
STRUCTURE_ID=radial_mass__category__mass_only
POOLED_INNER_OOF_SIGNAL_EFFICIENCY=0.584555953495
POOLED_INNER_OOF_BACKGROUND_EFFICIENCY=0.240583902009
POOLED_INNER_OOF_FEASIBLE=FALSE
ALL_INNER_SUPPORT_PASS=TRUE
POOLED_SUPPORT_PASS=TRUE
OUTER_FOLD_USED_FOR_SELECTION=FALSE
VALIDATION_PAYLOADS_OPENED=0
TEST_PAYLOADS_OPENED=0
OUTPUT_ROOT=/uscms_data/d3/iturkmen/hh4b_delphes/baselines/multivariate_cut_committed_canary_canaryconfig_v1_20260806T195908Z/results/pass1/outer0__ge4tag__radial_mass__category__mass_only
RESULT=HH4B_MULTIVARIATE_CUT_STRUCTURE_JOB_PASS
STRUCTURE_JOB=PASS
JOB_ID=outer0__ge4tag__symmetric_rectangular_mass__category__plus_h2_pt
OUTER_FOLD=0
CATEGORY_ID=ge4tag
STRUCTURE_ID=symmetric_rectangular_mass__category__plus_h2_pt
POOLED_INNER_OOF_SIGNAL_EFFICIENCY=0.585252113872
POOLED_INNER_OOF_BACKGROUND_EFFICIENCY=0.256993793274
POOLED_INNER_OOF_FEASIBLE=FALSE
ALL_INNER_SUPPORT_PASS=TRUE
POOLED_SUPPORT_PASS=TRUE
OUTER_FOLD_USED_FOR_SELECTION=FALSE
VALIDATION_PAYLOADS_OPENED=0
TEST_PAYLOADS_OPENED=0
OUTPUT_ROOT=/uscms_data/d3/iturkmen/hh4b_delphes/baselines/multivariate_cut_committed_canary_canaryconfig_v1_20260806T195908Z/results/pass1/outer0__ge4tag__symmetric_rectangular_mass__category__plus_h2_pt
RESULT=HH4B_MULTIVARIATE_CUT_STRUCTURE_JOB_PASS
STRUCTURE_JOB=PASS
JOB_ID=outer0__ge4tag__asymmetric_rectangular_mass__category__plus_ht_candidate_jets
OUTER_FOLD=0
CATEGORY_ID=ge4tag
STRUCTURE_ID=asymmetric_rectangular_mass__category__plus_ht_candidate_jets
POOLED_INNER_OOF_SIGNAL_EFFICIENCY=0.585229748052
POOLED_INNER_OOF_BACKGROUND_EFFICIENCY=0.315146761017
POOLED_INNER_OOF_FEASIBLE=FALSE
ALL_INNER_SUPPORT_PASS=TRUE
POOLED_SUPPORT_PASS=TRUE
OUTER_FOLD_USED_FOR_SELECTION=FALSE
VALIDATION_PAYLOADS_OPENED=0
TEST_PAYLOADS_OPENED=0
OUTPUT_ROOT=/uscms_data/d3/iturkmen/hh4b_delphes/baselines/multivariate_cut_committed_canary_canaryconfig_v1_20260806T195908Z/results/pass1/outer0__ge4tag__asymmetric_rectangular_mass__category__plus_ht_candidate_jets
RESULT=HH4B_MULTIVARIATE_CUT_STRUCTURE_JOB_PASS
STRUCTURE_JOB=PASS
JOB_ID=outer0__exact3tag__radial_mass__category__mass_only
OUTER_FOLD=0
CATEGORY_ID=exact3tag
STRUCTURE_ID=radial_mass__category__mass_only
POOLED_INNER_OOF_SIGNAL_EFFICIENCY=0.585746419301
POOLED_INNER_OOF_BACKGROUND_EFFICIENCY=0.372802766049
POOLED_INNER_OOF_FEASIBLE=FALSE
ALL_INNER_SUPPORT_PASS=TRUE
POOLED_SUPPORT_PASS=TRUE
OUTER_FOLD_USED_FOR_SELECTION=FALSE
VALIDATION_PAYLOADS_OPENED=0
TEST_PAYLOADS_OPENED=0
OUTPUT_ROOT=/uscms_data/d3/iturkmen/hh4b_delphes/baselines/multivariate_cut_committed_canary_canaryconfig_v1_20260806T195908Z/results/pass2/outer0__exact3tag__radial_mass__category__mass_only
RESULT=HH4B_MULTIVARIATE_CUT_STRUCTURE_JOB_PASS
STRUCTURE_JOB=PASS
JOB_ID=outer0__exact3tag__symmetric_rectangular_mass__category__plus_h2_pt
OUTER_FOLD=0
CATEGORY_ID=exact3tag
STRUCTURE_ID=symmetric_rectangular_mass__category__plus_h2_pt
POOLED_INNER_OOF_SIGNAL_EFFICIENCY=0.58594095229
POOLED_INNER_OOF_BACKGROUND_EFFICIENCY=0.378381786671
POOLED_INNER_OOF_FEASIBLE=FALSE
ALL_INNER_SUPPORT_PASS=TRUE
POOLED_SUPPORT_PASS=TRUE
OUTER_FOLD_USED_FOR_SELECTION=FALSE
VALIDATION_PAYLOADS_OPENED=0
TEST_PAYLOADS_OPENED=0
OUTPUT_ROOT=/uscms_data/d3/iturkmen/hh4b_delphes/baselines/multivariate_cut_committed_canary_canaryconfig_v1_20260806T195908Z/results/pass2/outer0__exact3tag__symmetric_rectangular_mass__category__plus_h2_pt
RESULT=HH4B_MULTIVARIATE_CUT_STRUCTURE_JOB_PASS
STRUCTURE_JOB=PASS
JOB_ID=outer0__exact3tag__asymmetric_rectangular_mass__category__plus_ht_candidate_jets
OUTER_FOLD=0
CATEGORY_ID=exact3tag
STRUCTURE_ID=asymmetric_rectangular_mass__category__plus_ht_candidate_jets
POOLED_INNER_OOF_SIGNAL_EFFICIENCY=0.586688113105
POOLED_INNER_OOF_BACKGROUND_EFFICIENCY=0.376518665408
POOLED_INNER_OOF_FEASIBLE=TRUE
ALL_INNER_SUPPORT_PASS=TRUE
POOLED_SUPPORT_PASS=TRUE
OUTER_FOLD_USED_FOR_SELECTION=FALSE
VALIDATION_PAYLOADS_OPENED=0
TEST_PAYLOADS_OPENED=0
OUTPUT_ROOT=/uscms_data/d3/iturkmen/hh4b_delphes/baselines/multivariate_cut_committed_canary_canaryconfig_v1_20260806T195908Z/results/pass2/outer0__exact3tag__asymmetric_rectangular_mass__category__plus_ht_candidate_jets
RESULT=HH4B_MULTIVARIATE_CUT_STRUCTURE_JOB_PASS
STRUCTURE_JOB=PASS
JOB_ID=outer0__ge4tag__radial_mass__category__mass_only
OUTER_FOLD=0
CATEGORY_ID=ge4tag
STRUCTURE_ID=radial_mass__category__mass_only
POOLED_INNER_OOF_SIGNAL_EFFICIENCY=0.584555953495
POOLED_INNER_OOF_BACKGROUND_EFFICIENCY=0.240583902009
POOLED_INNER_OOF_FEASIBLE=FALSE
ALL_INNER_SUPPORT_PASS=TRUE
POOLED_SUPPORT_PASS=TRUE
OUTER_FOLD_USED_FOR_SELECTION=FALSE
VALIDATION_PAYLOADS_OPENED=0
TEST_PAYLOADS_OPENED=0
OUTPUT_ROOT=/uscms_data/d3/iturkmen/hh4b_delphes/baselines/multivariate_cut_committed_canary_canaryconfig_v1_20260806T195908Z/results/pass2/outer0__ge4tag__radial_mass__category__mass_only
RESULT=HH4B_MULTIVARIATE_CUT_STRUCTURE_JOB_PASS
STRUCTURE_JOB=PASS
JOB_ID=outer0__ge4tag__symmetric_rectangular_mass__category__plus_h2_pt
OUTER_FOLD=0
CATEGORY_ID=ge4tag
STRUCTURE_ID=symmetric_rectangular_mass__category__plus_h2_pt
POOLED_INNER_OOF_SIGNAL_EFFICIENCY=0.585252113872
POOLED_INNER_OOF_BACKGROUND_EFFICIENCY=0.256993793274
POOLED_INNER_OOF_FEASIBLE=FALSE
ALL_INNER_SUPPORT_PASS=TRUE
POOLED_SUPPORT_PASS=TRUE
OUTER_FOLD_USED_FOR_SELECTION=FALSE
VALIDATION_PAYLOADS_OPENED=0
TEST_PAYLOADS_OPENED=0
OUTPUT_ROOT=/uscms_data/d3/iturkmen/hh4b_delphes/baselines/multivariate_cut_committed_canary_canaryconfig_v1_20260806T195908Z/results/pass2/outer0__ge4tag__symmetric_rectangular_mass__category__plus_h2_pt
RESULT=HH4B_MULTIVARIATE_CUT_STRUCTURE_JOB_PASS
STRUCTURE_JOB=PASS
JOB_ID=outer0__ge4tag__asymmetric_rectangular_mass__category__plus_ht_candidate_jets
OUTER_FOLD=0
CATEGORY_ID=ge4tag
STRUCTURE_ID=asymmetric_rectangular_mass__category__plus_ht_candidate_jets
POOLED_INNER_OOF_SIGNAL_EFFICIENCY=0.585229748052
POOLED_INNER_OOF_BACKGROUND_EFFICIENCY=0.315146761017
POOLED_INNER_OOF_FEASIBLE=FALSE
ALL_INNER_SUPPORT_PASS=TRUE
POOLED_SUPPORT_PASS=TRUE
OUTER_FOLD_USED_FOR_SELECTION=FALSE
VALIDATION_PAYLOADS_OPENED=0
TEST_PAYLOADS_OPENED=0
OUTPUT_ROOT=/uscms_data/d3/iturkmen/hh4b_delphes/baselines/multivariate_cut_committed_canary_canaryconfig_v1_20260806T195908Z/results/pass2/outer0__ge4tag__asymmetric_rectangular_mass__category__plus_ht_candidate_jets
RESULT=HH4B_MULTIVARIATE_CUT_STRUCTURE_JOB_PASS
COMMITTED_CODE_CANARY=PASS
SENTINEL_CONFIGURATIONS=6/6
COMPLETE_RERUNS=2/2
DETERMINISTIC_RERUN=PASS
EXACT3TAG_REPAIRED_CANARY_ACCEPTANCE=PASS
GE4TAG_REPAIRED_CANARY_ACCEPTANCE=PASS
PRODUCTION_TARGET_UNCHANGED=0.585957
PRODUCTION_TARGET_TOLERANCE=0
CANARY_PHYSICS_RESULT=FALSE
VALIDATION_PAYLOADS_OPENED=0
TEST_PAYLOADS_OPENED=0
OUTPUT_ROOT=/uscms_data/d3/iturkmen/hh4b_delphes/baselines/multivariate_cut_committed_canary_canaryconfig_v1_20260806T195908Z/results
RESULT=HH4B_MULTIVARIATE_CUT_COMMITTED_CODE_CANARY_PASS
